// Jest Snapshot v1, https://goo.gl/fbAQLP

exports[`<RNDevToolboxDev> renders correctly 1`] = `
<View
  style={
    Object {
      "flexGrow": 1,
    }
  }
>
  <Modal
    animationType="fade"
    hardwareAccelerated={false}
    onRequestClose={[Function]}
    transparent={false}
    visible={false}
  >
    <View
      style={
        Object {
          "padding": 10,
          "paddingBottom": -10,
        }
      }
    >
      <View>
        <View
          syle={
            Object {
              "backgroundColor": "#dcdcdcd6",
              "margin": 1,
              "padding": 2,
            }
          }
        >
          <Text
            accessible={true}
            allowFontScaling={true}
            ellipsizeMode="tail"
          >
            Open developer menu: Check your phone or CTRL+M (windows)
          </Text>
        </View>
        <View
          accessible={true}
          isTVSelectable={true}
          onResponderGrant={[Function]}
          onResponderMove={[Function]}
          onResponderRelease={[Function]}
          onResponderTerminate={[Function]}
          onResponderTerminationRequest={[Function]}
          onStartShouldSetResponder={[Function]}
          style={
            Object {
              "opacity": 1,
            }
          }
        >
          <Text
            accessible={true}
            allowFontScaling={true}
            ellipsizeMode="tail"
          >
            Hide Modal
          </Text>
        </View>
      </View>
    </View>
  </Modal>
  <View
    style={
      Object {
        "flex": 1,
      }
    }
  >
    <View
      accessible={true}
      isTVSelectable={true}
      onResponderGrant={[Function]}
      onResponderMove={[Function]}
      onResponderRelease={[Function]}
      onResponderTerminate={[Function]}
      onResponderTerminationRequest={[Function]}
      onStartShouldSetResponder={[Function]}
      style={
        Object {
          "alignItems": "center",
          "backgroundColor": "#4a4a4ad6",
          "height": 20,
          "justifyContent": "center",
          "opacity": 1,
          "position": "absolute",
          "right": 5,
          "top": 5,
          "width": 20,
        }
      }
    >
      <Text
        accessible={true}
        allowFontScaling={true}
        ellipsizeMode="tail"
        style={
          Object {
            "color": "white",
          }
        }
      >
        +
      </Text>
    </View>
  </View>
</View>
`;
